[2026-01-13 19:22:15] ========================================
[2026-01-13 19:22:15] Starting daily podcast generation for 2026-01-13
[2026-01-13 19:22:15] Loaded environment variables from .env
[2026-01-13 19:22:15] Environment variables verified
[2026-01-13 19:22:15] Podcast for 2026-01-13 already exists, skipping generation
[2026-01-14 10:25:16] ========================================
[2026-01-14 10:25:16] Starting daily podcast generation for 2026-01-14
[2026-01-14 10:25:16] Loaded environment variables from .env
[2026-01-14 10:25:16] ⚠️  WARNING: RSS.com credentials not set - publishing will be skipped
[2026-01-14 10:25:16]   Set RSS_COM_API_KEY and RSS_COM_PODCAST_ID in .env to enable publishing
[2026-01-14 10:25:16] Environment variables verified
[2026-01-14 10:25:16] Executing: python scripts/daily_generate.py --date 2026-01-14 --classic --output output
[2026-01-14 10:25:16] Check /Users/qitmac001395/workspace/QAL/ideas/apps/daily-podcast-ai/logs/daily_error.log for details
[2026-01-14 10:25:16] ========================================
[2026-01-15 09:00:01] ========================================
[2026-01-15 09:00:01] Starting daily podcast generation for 2026-01-15
[2026-01-15 09:00:01] Loaded environment variables from .env
[2026-01-15 09:00:01] ⚠️  WARNING: RSS.com credentials not set - publishing will be skipped
[2026-01-15 09:00:01]   Set RSS_COM_API_KEY and RSS_COM_PODCAST_ID in .env to enable publishing
[2026-01-15 09:00:01] Environment variables verified
[2026-01-15 09:00:01] Executing: python scripts/daily_generate.py --date 2026-01-15 --classic --output output
[2026-01-15 09:00:01] Check /Users/qitmac001395/workspace/QAL/ideas/apps/daily-podcast-ai/logs/daily_error.log for details
[2026-01-15 09:00:01] ========================================
[2026-01-16 09:00:05] ========================================
[2026-01-16 09:00:05] Starting daily podcast generation for 2026-01-16
[2026-01-16 09:00:05] Loaded environment variables from .env
[2026-01-16 09:00:05] Environment variables verified
[2026-01-16 09:00:05] Executing: python scripts/daily_generate.py --date 2026-01-16 --classic --output output
[2026-01-16 09:00:05] Check /Users/qitmac001395/workspace/QAL/ideas/apps/daily-podcast-ai/logs/daily_error.log for details
[2026-01-16 09:00:05] ========================================
[2026-01-17 14:21:38] ========================================
[2026-01-17 14:21:38] Starting daily podcast generation for 2026-01-17
[2026-01-17 14:21:38] Loaded environment variables from .env
[2026-01-17 14:21:38] Environment variables verified
[2026-01-17 14:21:38] Executing: python scripts/daily_generate.py --date 2026-01-17 --classic --output output
[2026-01-17 14:21:38] Check /Users/qitmac001395/workspace/QAL/ideas/apps/daily-podcast-ai/logs/daily_error.log for details
[2026-01-17 14:21:38] ========================================
[2026-01-18 09:00:05] ========================================
[2026-01-18 09:00:05] Starting daily podcast generation for 2026-01-18
[2026-01-18 09:00:05] Loaded environment variables from .env
[2026-01-18 09:00:05] Environment variables verified
[2026-01-18 09:00:05] Executing: python scripts/daily_generate.py --date 2026-01-18 --classic --output output
[2026-01-18 09:00:05] Check /Users/qitmac001395/workspace/QAL/ideas/apps/daily-podcast-ai/logs/daily_error.log for details
[2026-01-18 09:00:05] ========================================
[2026-01-19 09:00:55] ========================================
[2026-01-19 09:00:55] Starting daily podcast generation for 2026-01-19
[2026-01-19 09:00:55] Loaded environment variables from .env
[2026-01-19 09:00:55] Environment variables verified
[2026-01-19 09:00:55] Executing: python scripts/daily_generate.py --date 2026-01-19 --classic --output output
[2026-01-19 09:00:55] Check /Users/qitmac001395/workspace/QAL/ideas/apps/daily-podcast-ai/logs/daily_error.log for details
[2026-01-19 09:00:55] ========================================
[2026-01-20 09:00:14] ========================================
[2026-01-20 09:00:14] Starting daily podcast generation for 2026-01-20
[2026-01-20 09:00:14] Loaded environment variables from .env
[2026-01-20 09:00:14] Environment variables verified
[2026-01-20 09:00:14] Executing: python scripts/daily_generate.py --date 2026-01-20 --classic --output output
[2026-01-20 09:00:14] Check /Users/qitmac001395/workspace/QAL/ideas/apps/daily-podcast-ai/logs/daily_error.log for details
[2026-01-20 09:00:14] ========================================
[2026-01-21 09:02:53] ========================================
[2026-01-21 09:02:53] Starting daily podcast generation for 2026-01-21
[2026-01-21 09:02:53] Loaded environment variables from .env
[2026-01-21 09:02:53] Environment variables verified
[2026-01-21 09:02:53] Executing: python scripts/daily_generate.py --date 2026-01-21 --classic --output output
[2026-01-21 09:02:53] Check /Users/qitmac001395/workspace/QAL/ideas/apps/daily-podcast-ai/logs/daily_error.log for details
[2026-01-21 09:02:53] ========================================
[2026-01-22 09:00:04] ========================================
[2026-01-22 09:00:04] Starting daily podcast generation for 2026-01-22
[2026-01-22 09:00:04] Loaded environment variables from .env
[2026-01-22 09:00:04] Environment variables verified
[2026-01-22 09:00:04] Executing: python scripts/daily_generate.py --date 2026-01-22 --classic --output output
[2026-01-22 09:00:04] Check /Users/qitmac001395/workspace/QAL/ideas/apps/daily-podcast-ai/logs/daily_error.log for details
[2026-01-22 09:00:04] ========================================
[2026-01-23 09:11:13] ========================================
[2026-01-23 09:11:13] Starting daily podcast generation for 2026-01-23
[2026-01-23 09:11:13] Loaded environment variables from .env
[2026-01-23 09:11:13] Environment variables verified
[2026-01-23 09:11:13] Executing: python scripts/daily_generate.py --date 2026-01-23 --classic --output output
[2026-01-23 09:11:13] Check /Users/qitmac001395/workspace/QAL/ideas/apps/daily-podcast-ai/logs/daily_error.log for details
[2026-01-23 09:11:13] ========================================
[2026-01-24 09:05:49] ========================================
[2026-01-24 09:05:49] Starting daily podcast generation for 2026-01-24
[2026-01-24 09:05:49] Loaded environment variables from .env
[2026-01-24 09:05:49] Environment variables verified
[2026-01-24 09:05:49] Executing: python scripts/daily_generate.py --date 2026-01-24 --classic --output output
[2026-01-24 09:05:49] Check /Users/qitmac001395/workspace/QAL/ideas/apps/daily-podcast-ai/logs/daily_error.log for details
[2026-01-24 09:05:49] ========================================
[2026-01-27 09:07:56] ========================================
[2026-01-27 09:07:56] Starting daily podcast generation for 2026-01-27
[2026-01-27 09:07:56] Loaded environment variables from .env
[2026-01-27 09:07:56] Environment variables verified
[2026-01-27 09:07:56] Executing: python scripts/daily_generate.py --date 2026-01-27 --classic --output output
[2026-01-27 09:07:56] Check /Users/qitmac001395/workspace/QAL/ideas/apps/daily-podcast-ai/logs/daily_error.log for details
[2026-01-27 09:07:56] ========================================
[2026-01-28 09:05:35] ========================================
[2026-01-28 09:05:35] Starting daily podcast generation for 2026-01-28
[2026-01-28 09:05:35] Loaded environment variables from .env
[2026-01-28 09:05:35] Environment variables verified
[2026-01-28 09:05:35] Executing: python scripts/daily_generate.py --date 2026-01-28 --classic --output output
[2026-01-28 09:05:35] Check /Users/qitmac001395/workspace/QAL/ideas/apps/daily-podcast-ai/logs/daily_error.log for details
[2026-01-28 09:05:35] ========================================
[2026-01-29 09:09:49] ========================================
[2026-01-29 09:09:49] Starting daily podcast generation for 2026-01-29
[2026-01-29 09:09:49] Loaded environment variables from .env
[2026-01-29 09:09:49] Environment variables verified
[2026-01-29 09:09:49] Executing: python scripts/daily_generate.py --date 2026-01-29 --classic --output output
[2026-01-29 09:09:49] Check /Users/qitmac001395/workspace/QAL/ideas/apps/daily-podcast-ai/logs/daily_error.log for details
[2026-01-29 09:09:49] ========================================
[2026-01-30 09:00:04] ========================================
[2026-01-30 09:00:04] Starting daily podcast generation for 2026-01-30
[2026-01-30 09:00:04] Loaded environment variables from .env
[2026-01-30 09:00:04] Environment variables verified
[2026-01-30 09:00:04] Executing: python scripts/daily_generate.py --date 2026-01-30 --classic --output output
[2026-01-30 09:00:05] Check /Users/qitmac001395/workspace/QAL/ideas/apps/daily-podcast-ai/logs/daily_error.log for details
[2026-01-30 09:00:05] ========================================
[2026-01-31 09:06:06] ========================================
[2026-01-31 09:06:06] Starting daily podcast generation for 2026-01-31
[2026-01-31 09:06:06] Loaded environment variables from .env
[2026-01-31 09:06:06] Environment variables verified
[2026-01-31 09:06:06] Executing: python scripts/daily_generate.py --date 2026-01-31 --classic --output output
[2026-01-31 09:06:06] Check /Users/qitmac001395/workspace/QAL/ideas/apps/daily-podcast-ai/logs/daily_error.log for details
[2026-01-31 09:06:06] ========================================
[2026-02-01 09:00:00] ========================================
[2026-02-01 09:00:00] Starting daily podcast generation for 2026-02-01
[2026-02-01 09:00:00] Loaded environment variables from .env
[2026-02-01 09:00:00] Environment variables verified
[2026-02-01 09:00:00] Executing: python scripts/daily_generate.py --date 2026-02-01 --classic --output output
[2026-02-01 09:00:00] Check /Users/qitmac001395/workspace/QAL/ideas/apps/daily-podcast-ai/logs/daily_error.log for details
[2026-02-01 09:00:00] ========================================
[2026-02-02 09:01:33] ========================================
[2026-02-02 09:01:33] Starting daily podcast generation for 2026-02-02
[2026-02-02 09:01:33] Loaded environment variables from .env
[2026-02-02 09:01:33] Environment variables verified
[2026-02-02 09:01:33] Executing: python scripts/daily_generate.py --date 2026-02-02 --classic --output output
[2026-02-02 09:01:33] Check /Users/qitmac001395/workspace/QAL/ideas/apps/daily-podcast-ai/logs/daily_error.log for details
[2026-02-02 09:01:33] ========================================
[2026-02-03 09:06:47] ========================================
[2026-02-03 09:06:47] Starting daily podcast generation for 2026-02-03
[2026-02-03 09:06:47] Loaded environment variables from .env
[2026-02-03 09:06:47] Environment variables verified
[2026-02-03 09:06:47] Executing: python scripts/daily_generate.py --date 2026-02-03 --classic --output output
[2026-02-03 09:06:47] Check /Users/qitmac001395/workspace/QAL/ideas/apps/daily-podcast-ai/logs/daily_error.log for details
[2026-02-03 09:06:47] ========================================
[2026-02-04 09:00:05] ========================================
[2026-02-04 09:00:05] Starting daily podcast generation for 2026-02-04
[2026-02-04 09:00:05] Loaded environment variables from .env
[2026-02-04 09:00:05] Environment variables verified
[2026-02-04 09:00:05] Executing: python scripts/daily_generate.py --date 2026-02-04 --classic --output output
[2026-02-04 09:00:05] Check /Users/qitmac001395/workspace/QAL/ideas/apps/daily-podcast-ai/logs/daily_error.log for details
[2026-02-04 09:00:05] ========================================
[2026-02-05 09:12:59] ========================================
[2026-02-05 09:12:59] Starting daily podcast generation for 2026-02-05
[2026-02-05 09:12:59] Loaded environment variables from .env
[2026-02-05 09:12:59] Environment variables verified
[2026-02-05 09:12:59] Executing: python scripts/daily_generate.py --date 2026-02-05 --classic --output output
[2026-02-05 09:12:59] Check /Users/qitmac001395/workspace/QAL/ideas/apps/daily-podcast-ai/logs/daily_error.log for details
[2026-02-05 09:12:59] ========================================
[2026-02-06 09:04:06] ========================================
[2026-02-06 09:04:06] Starting daily podcast generation for 2026-02-06
[2026-02-06 09:04:06] Loaded environment variables from .env
[2026-02-06 09:04:06] Environment variables verified
[2026-02-06 09:04:06] Executing: python scripts/daily_generate.py --date 2026-02-06 --classic --output output
[2026-02-06 09:04:06] Check /Users/qitmac001395/workspace/QAL/ideas/apps/daily-podcast-ai/logs/daily_error.log for details
[2026-02-06 09:04:06] ========================================
